[colorlib.com/polygon/cooladmin/index.html]
[backblue.gif]
[fade.gif]
[index.html]
[colorlib.com/polygon/cooladmin/css/font-face.css]
[colorlib.com/polygon/cooladmin/vendor/font-awesome-4.7/css/font-awesome.min.css]
[colorlib.com/polygon/cooladmin/vendor/font-awesome-5/css/fontawesome-all.min.css]
[colorlib.com/polygon/cooladmin/vendor/mdi-font/css/material-design-iconic-font.min.css]
[colorlib.com/polygon/cooladmin/vendor/bootstrap-4.1/bootstrap.min.css]
[colorlib.com/polygon/cooladmin/vendor/animsition/animsition.min.css]
[colorlib.com/polygon/cooladmin/vendor/bootstrap-progressbar/bootstrap-progressbar-3.3.4.min.css]
[colorlib.com/polygon/cooladmin/vendor/wow/animate.css]
[colorlib.com/polygon/cooladmin/vendor/css-hamburgers/hamburgers.min.css]
[colorlib.com/polygon/cooladmin/vendor/slick/slick.css]
[colorlib.com/polygon/cooladmin/vendor/select2/select2.min.css]
[colorlib.com/polygon/cooladmin/vendor/perfect-scrollbar/perfect-scrollbar.css]
[colorlib.com/polygon/cooladmin/css/theme.css]
[colorlib.com/polygon/cooladmin/images/icon/logo.png]
[colorlib.com/polygon/cooladmin/index2.html]
[colorlib.com/polygon/cooladmin/index3.html]
[colorlib.com/polygon/cooladmin/index4.html]
[colorlib.com/polygon/cooladmin/chart.html]
[colorlib.com/polygon/cooladmin/table.html]
[colorlib.com/polygon/cooladmin/form.html]
[colorlib.com/polygon/cooladmin/map.html]
[colorlib.com/polygon/cooladmin/login.html]
[colorlib.com/polygon/cooladmin/register.html]
[colorlib.com/polygon/cooladmin/forget-pass.html]
[colorlib.com/polygon/cooladmin/button.html]
[colorlib.com/polygon/cooladmin/badge.html]
[colorlib.com/polygon/cooladmin/tab.html]
[colorlib.com/polygon/cooladmin/card.html]
[colorlib.com/polygon/cooladmin/alert.html]
[colorlib.com/polygon/cooladmin/progress-bar.html]
[colorlib.com/polygon/cooladmin/modal.html]
[colorlib.com/polygon/cooladmin/switch.html]
[colorlib.com/polygon/cooladmin/grid.html]
[colorlib.com/polygon/cooladmin/fontawesome.html]
[colorlib.com/polygon/cooladmin/typo.html]
[colorlib.com/polygon/cooladmin/images/icon/avatar-06.jpg]
[colorlib.com/polygon/cooladmin/images/icon/avatar-04.jpg]
[colorlib.com/polygon/cooladmin/images/icon/avatar-05.jpg]
[colorlib.com/polygon/cooladmin/images/icon/avatar-01.jpg]
[colorlib.com/polygon/cooladmin/images/bg-title-01.jpg]
[colorlib.com/polygon/cooladmin/images/bg-title-02.jpg]
[colorlib.com/polygon/cooladmin/images/icon/avatar-02.jpg]
[colorlib.com/polygon/cooladmin/images/icon/avatar-03.jpg]
[colorlib.com/cdn-cgi/scripts/5c5dd728/cloudflare-static/email-decode.min.js]
[colorlib.com/polygon/cooladmin/vendor/jquery-3.2.1.min.js]
[colorlib.com/polygon/cooladmin/vendor/bootstrap-4.1/popper.min.js]
[colorlib.com/polygon/cooladmin/vendor/bootstrap-4.1/bootstrap.min.js]
[colorlib.com/polygon/cooladmin/vendor/slick/slick.min.js]
[colorlib.com/polygon/cooladmin/vendor/wow/wow.min.js]
[colorlib.com/polygon/cooladmin/vendor/animsition/animsition.min.js]
[colorlib.com/polygon/cooladmin/vendor/bootstrap-progressbar/bootstrap-progressbar.min.js]
[colorlib.com/polygon/cooladmin/vendor/counter-up/jquery.waypoints.min.js]
[colorlib.com/polygon/cooladmin/vendor/counter-up/jquery.counterup.min.js]
[colorlib.com/polygon/cooladmin/vendor/circle-progress/circle-progress.min.js]
[colorlib.com/polygon/cooladmin/vendor/perfect-scrollbar/perfect-scrollbar.js]
[colorlib.com/polygon/cooladmin/vendor/chartjs/Chart.bundle.min.js]
[colorlib.com/polygon/cooladmin/vendor/select2/select2.min.js]
[colorlib.com/polygon/cooladmin/js/main.js]
[colorlib.com/polygon/cooladmin/index.html]
[ajax.cloudflare.com/cdn-cgi/scripts/7089c43e/cloudflare-static/rocket-loader.min.js]
[colorlib.com/polygon/cooladmin/fonts/poppins/poppins-v5-latin-100.eot]
[colorlib.com/polygon/cooladmin/fonts/poppins/poppins-v5-latin-100d41d.eot]
[colorlib.com/polygon/cooladmin/fonts/poppins/poppins-v5-latin-100.woff2]
[colorlib.com/polygon/cooladmin/fonts/poppins/poppins-v5-latin-100.woff]
[colorlib.com/polygon/cooladmin/fonts/poppins/poppins-v5-latin-100.ttf]
[colorlib.com/polygon/cooladmin/fonts/poppins/poppins-v5-latin-100.svg]
[colorlib.com/polygon/cooladmin/fonts/poppins/poppins-v5-latin-200.eot]
[colorlib.com/polygon/cooladmin/fonts/poppins/poppins-v5-latin-200d41d.eot]
[colorlib.com/polygon/cooladmin/fonts/poppins/poppins-v5-latin-200.woff2]
[colorlib.com/polygon/cooladmin/fonts/poppins/poppins-v5-latin-200.woff]
[colorlib.com/polygon/cooladmin/fonts/poppins/poppins-v5-latin-200.ttf]
[colorlib.com/polygon/cooladmin/fonts/poppins/poppins-v5-latin-200.svg]
[colorlib.com/polygon/cooladmin/fonts/poppins/poppins-v5-latin-200italic.eot]
[colorlib.com/polygon/cooladmin/fonts/poppins/poppins-v5-latin-200italicd41d.eot]
[colorlib.com/polygon/cooladmin/fonts/poppins/poppins-v5-latin-200italic.woff2]
[colorlib.com/polygon/cooladmin/fonts/poppins/poppins-v5-latin-200italic.woff]
[colorlib.com/polygon/cooladmin/fonts/poppins/poppins-v5-latin-200italic.ttf]
[colorlib.com/polygon/cooladmin/fonts/poppins/poppins-v5-latin-200italic.svg]
[colorlib.com/polygon/cooladmin/fonts/poppins/poppins-v5-latin-100italic.eot]
[colorlib.com/polygon/cooladmin/fonts/poppins/poppins-v5-latin-100italicd41d.eot]
[colorlib.com/polygon/cooladmin/fonts/poppins/poppins-v5-latin-100italic.woff2]
[colorlib.com/polygon/cooladmin/fonts/poppins/poppins-v5-latin-100italic.woff]
[colorlib.com/polygon/cooladmin/fonts/poppins/poppins-v5-latin-100italic.ttf]
[colorlib.com/polygon/cooladmin/fonts/poppins/poppins-v5-latin-100italic.svg]
[colorlib.com/polygon/cooladmin/fonts/poppins/poppins-v5-latin-300.eot]
[colorlib.com/polygon/cooladmin/fonts/poppins/poppins-v5-latin-300d41d.eot]
[colorlib.com/polygon/cooladmin/fonts/poppins/poppins-v5-latin-300.woff2]
[colorlib.com/polygon/cooladmin/fonts/poppins/poppins-v5-latin-300.woff]
[colorlib.com/polygon/cooladmin/fonts/poppins/poppins-v5-latin-300.ttf]
[colorlib.com/polygon/cooladmin/fonts/poppins/poppins-v5-latin-300.svg]
[colorlib.com/polygon/cooladmin/fonts/poppins/poppins-v5-latin-300italic.eot]
[colorlib.com/polygon/cooladmin/fonts/poppins/poppins-v5-latin-300italicd41d.eot]
[colorlib.com/polygon/cooladmin/fonts/poppins/poppins-v5-latin-300italic.woff2]
[colorlib.com/polygon/cooladmin/fonts/poppins/poppins-v5-latin-300italic.woff]
[colorlib.com/polygon/cooladmin/fonts/poppins/poppins-v5-latin-300italic.ttf]
[colorlib.com/polygon/cooladmin/fonts/poppins/poppins-v5-latin-300italic.svg]
[colorlib.com/polygon/cooladmin/fonts/poppins/poppins-v5-latin-regular.eot]
[colorlib.com/polygon/cooladmin/fonts/poppins/poppins-v5-latin-regulard41d.eot]
[colorlib.com/polygon/cooladmin/fonts/poppins/poppins-v5-latin-regular.woff2]
[colorlib.com/polygon/cooladmin/fonts/poppins/poppins-v5-latin-regular.woff]
[colorlib.com/polygon/cooladmin/fonts/poppins/poppins-v5-latin-regular.ttf]
[colorlib.com/polygon/cooladmin/fonts/poppins/poppins-v5-latin-regular.svg]
[colorlib.com/polygon/cooladmin/fonts/poppins/poppins-v5-latin-italic.eot]
[colorlib.com/polygon/cooladmin/fonts/poppins/poppins-v5-latin-italicd41d.eot]
[colorlib.com/polygon/cooladmin/fonts/poppins/poppins-v5-latin-italic.woff2]
[colorlib.com/polygon/cooladmin/fonts/poppins/poppins-v5-latin-italic.woff]
[colorlib.com/polygon/cooladmin/fonts/poppins/poppins-v5-latin-italic.ttf]
[colorlib.com/polygon/cooladmin/fonts/poppins/poppins-v5-latin-italic.svg]
[colorlib.com/polygon/cooladmin/fonts/poppins/poppins-v5-latin-500.eot]
[colorlib.com/polygon/cooladmin/fonts/poppins/poppins-v5-latin-500d41d.eot]
[colorlib.com/polygon/cooladmin/fonts/poppins/poppins-v5-latin-500.woff2]
[colorlib.com/polygon/cooladmin/fonts/poppins/poppins-v5-latin-500.woff]
[colorlib.com/polygon/cooladmin/fonts/poppins/poppins-v5-latin-500.ttf]
[colorlib.com/polygon/cooladmin/fonts/poppins/poppins-v5-latin-500.svg]
[colorlib.com/polygon/cooladmin/fonts/poppins/poppins-v5-latin-500italic.eot]
[colorlib.com/polygon/cooladmin/fonts/poppins/poppins-v5-latin-500italicd41d.eot]
[colorlib.com/polygon/cooladmin/fonts/poppins/poppins-v5-latin-500italic.woff2]
[colorlib.com/polygon/cooladmin/fonts/poppins/poppins-v5-latin-500italic.woff]
[colorlib.com/polygon/cooladmin/fonts/poppins/poppins-v5-latin-500italic.ttf]
[colorlib.com/polygon/cooladmin/fonts/poppins/poppins-v5-latin-500italic.svg]
[colorlib.com/polygon/cooladmin/fonts/poppins/poppins-v5-latin-600.eot]
[colorlib.com/polygon/cooladmin/fonts/poppins/poppins-v5-latin-600d41d.eot]
[colorlib.com/polygon/cooladmin/fonts/poppins/poppins-v5-latin-600.woff2]
[colorlib.com/polygon/cooladmin/fonts/poppins/poppins-v5-latin-600.woff]
[colorlib.com/polygon/cooladmin/fonts/poppins/poppins-v5-latin-600.ttf]
[colorlib.com/polygon/cooladmin/fonts/poppins/poppins-v5-latin-600.svg]
[colorlib.com/polygon/cooladmin/fonts/poppins/poppins-v5-latin-600italic.eot]
[colorlib.com/polygon/cooladmin/fonts/poppins/poppins-v5-latin-600italicd41d.eot]
[colorlib.com/polygon/cooladmin/fonts/poppins/poppins-v5-latin-600italic.woff2]
[colorlib.com/polygon/cooladmin/fonts/poppins/poppins-v5-latin-600italic.woff]
[colorlib.com/polygon/cooladmin/fonts/poppins/poppins-v5-latin-600italic.ttf]
[colorlib.com/polygon/cooladmin/fonts/poppins/poppins-v5-latin-600italic.svg]
[colorlib.com/polygon/cooladmin/fonts/poppins/poppins-v5-latin-700.eot]
[colorlib.com/polygon/cooladmin/fonts/poppins/poppins-v5-latin-700d41d.eot]
[colorlib.com/polygon/cooladmin/fonts/poppins/poppins-v5-latin-700.woff2]
[colorlib.com/polygon/cooladmin/fonts/poppins/poppins-v5-latin-700.woff]
[colorlib.com/polygon/cooladmin/fonts/poppins/poppins-v5-latin-700.ttf]
[colorlib.com/polygon/cooladmin/fonts/poppins/poppins-v5-latin-700.svg]
[colorlib.com/polygon/cooladmin/fonts/poppins/poppins-v5-latin-700italic.eot]
[colorlib.com/polygon/cooladmin/fonts/poppins/poppins-v5-latin-700italicd41d.eot]
[colorlib.com/polygon/cooladmin/fonts/poppins/poppins-v5-latin-700italic.woff2]
[colorlib.com/polygon/cooladmin/fonts/poppins/poppins-v5-latin-700italic.woff]
[colorlib.com/polygon/cooladmin/fonts/poppins/poppins-v5-latin-700italic.ttf]
[colorlib.com/polygon/cooladmin/fonts/poppins/poppins-v5-latin-700italic.svg]
[colorlib.com/polygon/cooladmin/fonts/poppins/poppins-v5-latin-800.eot]
[colorlib.com/polygon/cooladmin/fonts/poppins/poppins-v5-latin-800d41d.eot]
[colorlib.com/polygon/cooladmin/fonts/poppins/poppins-v5-latin-800.woff2]
[colorlib.com/polygon/cooladmin/fonts/poppins/poppins-v5-latin-800.woff]
[colorlib.com/polygon/cooladmin/fonts/poppins/poppins-v5-latin-800.ttf]
[colorlib.com/polygon/cooladmin/fonts/poppins/poppins-v5-latin-800.svg]
[colorlib.com/polygon/cooladmin/fonts/poppins/poppins-v5-latin-800italic.eot]
[colorlib.com/polygon/cooladmin/fonts/poppins/poppins-v5-latin-800italicd41d.eot]
[colorlib.com/polygon/cooladmin/fonts/poppins/poppins-v5-latin-800italic.woff2]
[colorlib.com/polygon/cooladmin/fonts/poppins/poppins-v5-latin-800italic.woff]
[colorlib.com/polygon/cooladmin/fonts/poppins/poppins-v5-latin-800italic.ttf]
[colorlib.com/polygon/cooladmin/fonts/poppins/poppins-v5-latin-800italic.svg]
[colorlib.com/polygon/cooladmin/fonts/poppins/poppins-v5-latin-900.eot]
[colorlib.com/polygon/cooladmin/fonts/poppins/poppins-v5-latin-900d41d.eot]
[colorlib.com/polygon/cooladmin/fonts/poppins/poppins-v5-latin-900.woff2]
[colorlib.com/polygon/cooladmin/fonts/poppins/poppins-v5-latin-900.woff]
[colorlib.com/polygon/cooladmin/fonts/poppins/poppins-v5-latin-900.ttf]
[colorlib.com/polygon/cooladmin/fonts/poppins/poppins-v5-latin-900.svg]
[colorlib.com/polygon/cooladmin/fonts/poppins/poppins-v5-latin-900italic.eot]
[colorlib.com/polygon/cooladmin/fonts/poppins/poppins-v5-latin-900italicd41d.eot]
[colorlib.com/polygon/cooladmin/fonts/poppins/poppins-v5-latin-900italic.woff2]
[colorlib.com/polygon/cooladmin/fonts/poppins/poppins-v5-latin-900italic.woff]
[colorlib.com/polygon/cooladmin/fonts/poppins/poppins-v5-latin-900italic.ttf]
[colorlib.com/polygon/cooladmin/css/font-face.css]
[colorlib.com/polygon/cooladmin/fonts/poppins/poppins-v5-latin-900italic.svg]
[colorlib.com/polygon/cooladmin/vendor/font-awesome-4.7/fonts/fontawesome-webfont3e6e.eot]
[colorlib.com/polygon/cooladmin/vendor/font-awesome-4.7/fonts/fontawesome-webfontd41d.eot]
[colorlib.com/polygon/cooladmin/vendor/font-awesome-4.7/fonts/fontawesome-webfont3e6e.woff2]
[colorlib.com/polygon/cooladmin/vendor/font-awesome-4.7/fonts/fontawesome-webfont3e6e.woff]
[colorlib.com/polygon/cooladmin/vendor/font-awesome-4.7/fonts/fontawesome-webfont3e6e.ttf]
[colorlib.com/polygon/cooladmin/vendor/font-awesome-4.7/css/font-awesome.min.css]
[colorlib.com/polygon/cooladmin/vendor/font-awesome-4.7/fonts/fontawesome-webfont3e6e.svg]
[colorlib.com/polygon/cooladmin/vendor/font-awesome-5/webfonts/fa-brands-400.eot]
[colorlib.com/polygon/cooladmin/vendor/font-awesome-5/webfonts/fa-brands-400d41d.eot]
[colorlib.com/polygon/cooladmin/vendor/font-awesome-5/webfonts/fa-brands-400.woff2]
[colorlib.com/polygon/cooladmin/vendor/font-awesome-5/webfonts/fa-brands-400.woff]
[colorlib.com/polygon/cooladmin/vendor/font-awesome-5/webfonts/fa-brands-400.svg]
[colorlib.com/polygon/cooladmin/vendor/font-awesome-5/webfonts/fa-brands-400.ttf]
[colorlib.com/polygon/cooladmin/vendor/font-awesome-5/webfonts/fa-regular-400.eot]
[colorlib.com/polygon/cooladmin/vendor/font-awesome-5/webfonts/fa-regular-400d41d.eot]
[colorlib.com/polygon/cooladmin/vendor/font-awesome-5/webfonts/fa-regular-400.woff2]
[colorlib.com/polygon/cooladmin/vendor/font-awesome-5/webfonts/fa-regular-400.woff]
[colorlib.com/polygon/cooladmin/vendor/font-awesome-5/webfonts/fa-regular-400.ttf]
[colorlib.com/polygon/cooladmin/vendor/font-awesome-5/webfonts/fa-regular-400.svg]
[colorlib.com/polygon/cooladmin/vendor/font-awesome-5/webfonts/fa-solid-900.eot]
[colorlib.com/polygon/cooladmin/vendor/font-awesome-5/webfonts/fa-solid-900d41d.eot]
[colorlib.com/polygon/cooladmin/vendor/font-awesome-5/webfonts/fa-solid-900.woff2]
[colorlib.com/polygon/cooladmin/vendor/font-awesome-5/webfonts/fa-solid-900.woff]
[colorlib.com/polygon/cooladmin/vendor/font-awesome-5/webfonts/fa-solid-900.ttf]
[colorlib.com/polygon/cooladmin/vendor/font-awesome-5/css/fontawesome-all.min.css]
[colorlib.com/polygon/cooladmin/vendor/mdi-font/fonts/Material-Design-Iconic-Fontd1f1.woff2]
[colorlib.com/polygon/cooladmin/vendor/font-awesome-5/webfonts/fa-solid-900.svg]
[colorlib.com/polygon/cooladmin/vendor/mdi-font/fonts/Material-Design-Iconic-Fontd1f1.woff]
[colorlib.com/polygon/cooladmin/vendor/mdi-font/css/material-design-iconic-font.min.css]
[colorlib.com/polygon/cooladmin/vendor/bootstrap-4.1/bootstrap.min.css]
[colorlib.com/polygon/cooladmin/vendor/animsition/animsition.min.css]
[colorlib.com/polygon/cooladmin/vendor/bootstrap-progressbar/bootstrap-progressbar-3.3.4.min.css]
[colorlib.com/polygon/cooladmin/vendor/wow/animate.css]
[colorlib.com/polygon/cooladmin/vendor/css-hamburgers/hamburgers.min.css]
[colorlib.com/polygon/cooladmin/vendor/slick/slick.css]
[colorlib.com/polygon/cooladmin/vendor/select2/select2.min.css]
[colorlib.com/polygon/cooladmin/vendor/perfect-scrollbar/perfect-scrollbar.css]
[colorlib.com/polygon/cooladmin/css/theme.css]
[colorlib.com/polygon/cooladmin/vendor/vector-map/jqvmap.min.css]
[colorlib.com/polygon/cooladmin/images/icon/logo-white.png]
[colorlib.com/polygon/cooladmin/images/icon/avatar-big-01.jpg]
[colorlib.com/polygon/cooladmin/vendor/mdi-font/fonts/Material-Design-Iconic-Fontd1f1.ttf]
[colorlib.com/polygon/cooladmin/inbox.html]
[colorlib.com/polygon/cooladmin/vendor/vector-map/jquery.vmap.js]
[colorlib.com/polygon/cooladmin/vendor/vector-map/jquery.vmap.min.js]
[colorlib.com/polygon/cooladmin/vendor/vector-map/jquery.vmap.sampledata.js]
[colorlib.com/polygon/cooladmin/index2.html]
[colorlib.com/polygon/cooladmin/index3.html]
[colorlib.com/polygon/cooladmin/vendor/vector-map/jquery.vmap.world.js]
[colorlib.com/polygon/cooladmin/images/icon/logo-blue.png]
[colorlib.com/polygon/cooladmin/index4.html]
[colorlib.com/polygon/cooladmin/chart.html]
[colorlib.com/polygon/cooladmin/table.html]
[colorlib.com/polygon/cooladmin/form.html]
[colorlib.com/polygon/cooladmin/vendor/vector-map/jquery.vmap.brazil.js]
[colorlib.com/polygon/cooladmin/vendor/vector-map/jquery.vmap.europe.js]
[colorlib.com/polygon/cooladmin/vendor/vector-map/jquery.vmap.france.js]
[colorlib.com/polygon/cooladmin/vendor/vector-map/jquery.vmap.germany.js]
[colorlib.com/polygon/cooladmin/map.html]
[colorlib.com/polygon/cooladmin/login.html]
[colorlib.com/polygon/cooladmin/register.html]
[colorlib.com/polygon/cooladmin/forget-pass.html]
[colorlib.com/polygon/cooladmin/button.html]
[colorlib.com/polygon/cooladmin/badge.html]
[colorlib.com/polygon/cooladmin/tab.html]
[colorlib.com/polygon/cooladmin/card.html]
[colorlib.com/polygon/cooladmin/alert.html]
[colorlib.com/polygon/cooladmin/progress-bar.html]
[colorlib.com/polygon/cooladmin/modal.html]
[colorlib.com/polygon/cooladmin/switch.html]
[colorlib.com/polygon/cooladmin/grid.html]
[colorlib.com/polygon/cooladmin/fontawesome.html]
[colorlib.com/polygon/cooladmin/vendor/vector-map/jquery.vmap.russia.js]
[colorlib.com/polygon/cooladmin/mailto]
[colorlib.com/polygon/cooladmin/typo.html]
[colorlib.com/polygon/cooladmin/fonts/poppins/poppins-v5-latin-100.svg]
[colorlib.com/polygon/cooladmin/fonts/poppins/poppins-v5-latin-200.svg]
[colorlib.com/polygon/cooladmin/fonts/poppins/poppins-v5-latin-200italic.svg]
[colorlib.com/polygon/cooladmin/fonts/poppins/poppins-v5-latin-100italic.svg]
[colorlib.com/polygon/cooladmin/fonts/poppins/poppins-v5-latin-300.svg]
[colorlib.com/polygon/cooladmin/fonts/poppins/poppins-v5-latin-300italic.svg]
[colorlib.com/polygon/cooladmin/fonts/poppins/poppins-v5-latin-regular.svg]
[colorlib.com/polygon/cooladmin/fonts/poppins/poppins-v5-latin-italic.svg]
[colorlib.com/polygon/cooladmin/fonts/poppins/poppins-v5-latin-500.svg]
[colorlib.com/polygon/cooladmin/fonts/poppins/poppins-v5-latin-500italic.svg]
[colorlib.com/polygon/cooladmin/fonts/poppins/poppins-v5-latin-600.svg]
[colorlib.com/polygon/cooladmin/fonts/poppins/poppins-v5-latin-600italic.svg]
[colorlib.com/polygon/cooladmin/fonts/poppins/poppins-v5-latin-700.svg]
[colorlib.com/polygon/cooladmin/fonts/poppins/poppins-v5-latin-700italic.svg]
[colorlib.com/polygon/cooladmin/fonts/poppins/poppins-v5-latin-800.svg]
[colorlib.com/polygon/cooladmin/fonts/poppins/poppins-v5-latin-800italic.svg]
[colorlib.com/polygon/cooladmin/fonts/poppins/poppins-v5-latin-900.svg]
[colorlib.com/polygon/cooladmin/fonts/poppins/poppins-v5-latin-900italic.svg]
[colorlib.com/polygon/cooladmin/vendor/vector-map/jquery.vmap.usa.js]
[colorlib.com/polygon/cooladmin/vendor/font-awesome-4.7/fonts/fontawesome-webfont3e6e.svg]
[colorlib.com/polygon/cooladmin/vendor/font-awesome-5/webfonts/fa-brands-400.svg]
[colorlib.com/polygon/cooladmin/vendor/font-awesome-5/webfonts/fa-regular-400.svg]
[colorlib.com/polygon/cooladmin/vendor/font-awesome-5/webfonts/fa-solid-900.svg]
[colorlib.com/polygon/cooladmin/vendor/vector-map/jqvmap.min.css]
[colorlib.com/polygon/cooladmin/inbox.html]
[colorlib.com/polygon/cooladmin/mailto.html]
[colorlib.com/polygon/cooladmin/vendor/font-awesome-5/webfonts/fa-brands-400.woff2]
